// Jest Snapshot v1, https://goo.gl/fbAQLP

exports[`<CommentLoader /> matches the snapshot 1`] = `
<section
  className="CommentLoader"
>
  <p
    className="CommentLoader__author"
  >
    <strong>
      Comment author
    </strong>
     | 
    <strong>
      Post time
    </strong>
  </p>
  <p
    className="CommentLoader__body"
  >
    Comment body
  </p>
  <p
    className="CommentLoader__ups"
  >
    <i
      className="fas fa-arrow-up"
    />
     
    <strong>
      Ups#
    </strong>
     Ups
  </p>
</section>
`;
